// Jest Snapshot v1, https://goo.gl/fbAQLP

exports[`Layout snapshot It renders correctly 1`] = `ShallowWrapper {}`;
